This is pdfTeX, Version 3.141592653-2.6-1.40.25 (TeX Live 2023) (preloaded format=pdflatex 2025.9.16)  28 AUG 2026 20:22
entering extended mode
 restricted \write18 enabled.
 %&-line parsing enabled.
**tsfm_fais_iclr2027.tex
(./tsfm_fais_iclr2027.tex
LaTeX2e <2022-11-01> patch level 1
L3 programming layer <2023-02-22>
(d:/Programme/texlive/2023/texmf-dist/tex/latex/base/article.cls
Document Class: article 2022/07/02 v1.4n Standard LaTeX document class
(d:/Programme/texlive/2023/texmf-dist/tex/latex/base/size10.clo
File: size10.clo 2022/07/02 v1.4n Standard LaTeX file (size option)
)
\c@part=\count185
\c@section=\count186
\c@subsection=\count187
\c@subsubsection=\count188
\c@paragraph=\count189
\c@subparagraph=\count190
\c@figure=\count191
\c@table=\count192
\abovecaptionskip=\skip48
\belowcaptionskip=\skip49
\bibindent=\dimen140
)
(./iclr2027_conference.sty
(d:/Programme/texlive/2023/texmf-dist/tex/latex/eso-pic/eso-pic.sty
Package: eso-pic 2020/10/14 v3.0a eso-pic (RN)
\ESO@tempdima=\dimen141
\ESO@tempdimb=\dimen142

(d:/Programme/texlive/2023/texmf-dist/tex/latex/graphics/keyval.sty
Package: keyval 2022/05/29 v1.15 key=value parser (DPC)
\KV@toks@=\toks16
)
(d:/Programme/texlive/2023/texmf-dist/tex/latex/xcolor/xcolor.sty
Package: xcolor 2022/06/12 v2.14 LaTeX color extensions (UK)

(d:/Programme/texlive/2023/texmf-dist/tex/latex/graphics-cfg/color.cfg
File: color.cfg 2016/01/02 v1.6 sample color configuration
)
Package xcolor Info: Driver file: pdftex.def on input line 227.

(d:/Programme/texlive/2023/texmf-dist/tex/latex/graphics-def/pdftex.def
File: pdftex.def 2022/09/22 v1.2b Graphics/color driver for pdftex
)
(d:/Programme/texlive/2023/texmf-dist/tex/latex/graphics/mathcolor.ltx)
Package xcolor Info: Model `cmy' substituted by `cmy0' on input line 1353.
Package xcolor Info: Model `hsb' substituted by `rgb' on input line 1357.
Package xcolor Info: Model `RGB' extended on input line 1369.
Package xcolor Info: Model `HTML' substituted by `rgb' on input line 1371.
Package xcolor Info: Model `Hsb' substituted by `hsb' on input line 1372.
Package xcolor Info: Model `tHsb' substituted by `hsb' on input line 1373.
Package xcolor Info: Model `HSB' substituted by `hsb' on input line 1374.
Package xcolor Info: Model `Gray' substituted by `gray' on input line 1375.
Package xcolor Info: Model `wave' substituted by `hsb' on input line 1376.
))
(./fancyhdr.sty
\fancy@headwidth=\skip50
\f@ncyO@elh=\skip51
\f@ncyO@erh=\skip52
\f@ncyO@olh=\skip53
\f@ncyO@orh=\skip54
\f@ncyO@elf=\skip55
\f@ncyO@erf=\skip56
\f@ncyO@olf=\skip57
\f@ncyO@orf=\skip58
) (./natbib.sty
Package: natbib 2009/07/16 8.31 (PWD, AO)
\bibhang=\skip59
\bibsep=\skip60
LaTeX Info: Redefining \cite on input line 694.
\c@NAT@ctr=\count193
)
\iclrrulerbox=\box51
\iclrrulercount=\count194
\iclrruleroffset=\dimen143
\cv@lineheight=\dimen144
\cv@boxheight=\dimen145
\cv@tmpbox=\box52
\cv@refno=\count195
\cv@tot=\count196
\cv@tmpc@=\count197
\cv@tmpc=\count198
)
(d:/Programme/texlive/2023/texmf-dist/tex/latex/psnfss/times.sty
Package: times 2020/03/25 PSNFSS-v9.3 (SPQR) 
)
(./math_commands.tex
(d:/Programme/texlive/2023/texmf-dist/tex/latex/amsmath/amsmath.sty
Package: amsmath 2022/04/08 v2.17n AMS math features
\@mathmargin=\skip61

For additional information on amsmath, use the `?' option.
(d:/Programme/texlive/2023/texmf-dist/tex/latex/amsmath/amstext.sty
Package: amstext 2021/08/26 v2.01 AMS text

(d:/Programme/texlive/2023/texmf-dist/tex/latex/amsmath/amsgen.sty
File: amsgen.sty 1999/11/30 v2.0 generic functions
\@emptytoks=\toks17
\ex@=\dimen146
))
(d:/Programme/texlive/2023/texmf-dist/tex/latex/amsmath/amsbsy.sty
Package: amsbsy 1999/11/29 v1.2d Bold Symbols
\pmbraise@=\dimen147
)
(d:/Programme/texlive/2023/texmf-dist/tex/latex/amsmath/amsopn.sty
Package: amsopn 2022/04/08 v2.04 operator names
)
\inf@bad=\count199
LaTeX Info: Redefining \frac on input line 234.
\uproot@=\count266
\leftroot@=\count267
LaTeX Info: Redefining \overline on input line 399.
LaTeX Info: Redefining \colon on input line 410.
\classnum@=\count268
\DOTSCASE@=\count269
LaTeX Info: Redefining \ldots on input line 496.
LaTeX Info: Redefining \dots on input line 499.
LaTeX Info: Redefining \cdots on input line 620.
\Mathstrutbox@=\box53
\strutbox@=\box54
LaTeX Info: Redefining \big on input line 722.
LaTeX Info: Redefining \Big on input line 723.
LaTeX Info: Redefining \bigg on input line 724.
LaTeX Info: Redefining \Bigg on input line 725.
\big@size=\dimen148
LaTeX Font Info:    Redeclaring font encoding OML on input line 743.
LaTeX Font Info:    Redeclaring font encoding OMS on input line 744.
\macc@depth=\count270
LaTeX Info: Redefining \bmod on input line 905.
LaTeX Info: Redefining \pmod on input line 910.
LaTeX Info: Redefining \smash on input line 940.
LaTeX Info: Redefining \relbar on input line 970.
LaTeX Info: Redefining \Relbar on input line 971.
\c@MaxMatrixCols=\count271
\dotsspace@=\muskip16
\c@parentequation=\count272
\dspbrk@lvl=\count273
\tag@help=\toks18
\row@=\count274
\column@=\count275
\maxfields@=\count276
\andhelp@=\toks19
\eqnshift@=\dimen149
\alignsep@=\dimen150
\tagshift@=\dimen151
\tagwidth@=\dimen152
\totwidth@=\dimen153
\lineht@=\dimen154
\@envbody=\toks20
\multlinegap=\skip62
\multlinetaggap=\skip63
\mathdisplay@stack=\toks21
LaTeX Info: Redefining \[ on input line 2953.
LaTeX Info: Redefining \] on input line 2954.
)
(d:/Programme/texlive/2023/texmf-dist/tex/latex/amsfonts/amsfonts.sty
Package: amsfonts 2013/01/14 v3.01 Basic AMSFonts support
\symAMSa=\mathgroup4
\symAMSb=\mathgroup5
LaTeX Font Info:    Redeclaring math symbol \hbar on input line 98.
LaTeX Font Info:    Overwriting math alphabet `\mathfrak' in version `bold'
(Font)                  U/euf/m/n --> U/euf/b/n on input line 106.
)
(d:/Programme/texlive/2023/texmf-dist/tex/latex/tools/bm.sty
Package: bm 2022/01/05 v1.2f Bold Symbol Support (DPC/FMi)
\symboldoperators=\mathgroup6
\symboldletters=\mathgroup7
\symboldsymbols=\mathgroup8
Package bm Info: No bold for \OMX/cmex/m/n, using \pmb.
Package bm Info: No bold for \U/msa/m/n, using \pmb.
Package bm Info: No bold for \U/msb/m/n, using \pmb.
LaTeX Font Info:    Redeclaring math alphabet \mathbf on input line 149.
)
LaTeX Font Info:    Overwriting math alphabet `\mathsfit' in version `bold'
(Font)                  OT1/phv/m/sl --> OT1/phv/bx/n on input line 314.
)
(d:/Programme/texlive/2023/texmf-dist/tex/latex/amsfonts/amssymb.sty
Package: amssymb 2013/01/14 v3.01 AMS font symbols
)
(d:/Programme/texlive/2023/texmf-dist/tex/latex/tools/array.sty
Package: array 2022/09/04 v2.5g Tabular extension package (FMi)
\col@sep=\dimen155
\ar@mcellbox=\box55
\extrarowheight=\dimen156
\NC@list=\toks22
\extratabsurround=\skip64
\backup@length=\skip65
\ar@cellbox=\box56
)
(d:/Programme/texlive/2023/texmf-dist/tex/latex/booktabs/booktabs.sty
Package: booktabs 2020/01/12 v1.61803398 Publication quality tables
\heavyrulewidth=\dimen157
\lightrulewidth=\dimen158
\cmidrulewidth=\dimen159
\belowrulesep=\dimen160
\belowbottomsep=\dimen161
\aboverulesep=\dimen162
\abovetopsep=\dimen163
\cmidrulesep=\dimen164
\cmidrulekern=\dimen165
\defaultaddspace=\dimen166
\@cmidla=\count277
\@cmidlb=\count278
\@aboverulesep=\dimen167
\@belowrulesep=\dimen168
\@thisruleclass=\count279
\@lastruleclass=\count280
\@thisrulewidth=\dimen169
)
(d:/Programme/texlive/2023/texmf-dist/tex/latex/graphics/graphicx.sty
Package: graphicx 2021/09/16 v1.2d Enhanced LaTeX Graphics (DPC,SPQR)

(d:/Programme/texlive/2023/texmf-dist/tex/latex/graphics/graphics.sty
Package: graphics 2022/03/10 v1.4e Standard LaTeX Graphics (DPC,SPQR)

(d:/Programme/texlive/2023/texmf-dist/tex/latex/graphics/trig.sty
Package: trig 2021/08/11 v1.11 sin cos tan (DPC)
)
(d:/Programme/texlive/2023/texmf-dist/tex/latex/graphics-cfg/graphics.cfg
File: graphics.cfg 2016/06/04 v1.11 sample graphics configuration
)
Package graphics Info: Driver file: pdftex.def on input line 107.
)
\Gin@req@height=\dimen170
\Gin@req@width=\dimen171
)
(d:/Programme/texlive/2023/texmf-dist/tex/latex/tools/longtable.sty
Package: longtable 2021-09-01 v4.17 Multi-page Table package (DPC)
\LTleft=\skip66
\LTright=\skip67
\LTpre=\skip68
\LTpost=\skip69
\LTchunksize=\count281
\LTcapwidth=\dimen172
\LT@head=\box57
\LT@firsthead=\box58
\LT@foot=\box59
\LT@lastfoot=\box60
\LT@gbox=\box61
\LT@cols=\count282
\LT@rows=\count283
\c@LT@tables=\count284
\c@LT@chunks=\count285
\LT@p@ftn=\toks23
)
(d:/Programme/texlive/2023/texmf-dist/tex/latex/microtype/microtype.sty
Package: microtype 2023/03/13 v3.1a Micro-typographical refinements (RS)

(d:/Programme/texlive/2023/texmf-dist/tex/latex/etoolbox/etoolbox.sty
Package: etoolbox 2020/10/05 v2.5k e-TeX tools for LaTeX (JAW)
\etb@tempcnta=\count286
)
\MT@toks=\toks24
\MT@tempbox=\box62
\MT@count=\count287
LaTeX Info: Redefining \noprotrusionifhmode on input line 1059.
LaTeX Info: Redefining \leftprotrusion on input line 1060.
\MT@prot@toks=\toks25
LaTeX Info: Redefining \rightprotrusion on input line 1078.
LaTeX Info: Redefining \textls on input line 1368.
\MT@outer@kern=\dimen173
LaTeX Info: Redefining \textmicrotypecontext on input line 1988.
\MT@listname@count=\count288

(d:/Programme/texlive/2023/texmf-dist/tex/latex/microtype/microtype-pdftex.def
File: microtype-pdftex.def 2023/03/13 v3.1a Definitions specific to pdftex (RS)

LaTeX Info: Redefining \lsstyle on input line 902.
LaTeX Info: Redefining \lslig on input line 902.
\MT@outer@space=\skip70
)
Package microtype Info: Loading configuration file microtype.cfg.
(d:/Programme/texlive/2023/texmf-dist/tex/latex/microtype/microtype.cfg
File: microtype.cfg 2023/03/13 v3.1a microtype main configuration file (RS)
))
(d:/Programme/texlive/2023/texmf-dist/tex/latex/multirow/multirow.sty
Package: multirow 2021/03/15 v2.8 Span multiple rows of a table
\multirow@colwidth=\skip71
\multirow@cntb=\count289
\multirow@dima=\skip72
\bigstrutjot=\dimen174
)
(d:/Programme/texlive/2023/texmf-dist/tex/latex/tools/xspace.sty
Package: xspace 2014/10/28 v1.13 Space after command names (DPC,MH)
)
(d:/Programme/texlive/2023/texmf-dist/tex/latex/pgf/frontendlayer/tikz.sty
(d:/Programme/texlive/2023/texmf-dist/tex/latex/pgf/basiclayer/pgf.sty
(d:/Programme/texlive/2023/texmf-dist/tex/latex/pgf/utilities/pgfrcs.sty
(d:/Programme/texlive/2023/texmf-dist/tex/generic/pgf/utilities/pgfutil-common.
tex
\pgfutil@everybye=\toks26
\pgfutil@tempdima=\dimen175
\pgfutil@tempdimb=\dimen176
)
(d:/Programme/texlive/2023/texmf-dist/tex/generic/pgf/utilities/pgfutil-latex.d
ef
\pgfutil@abb=\box63
)
(d:/Programme/texlive/2023/texmf-dist/tex/generic/pgf/utilities/pgfrcs.code.tex
(d:/Programme/texlive/2023/texmf-dist/tex/generic/pgf/pgf.revision.tex)
Package: pgfrcs 2023-01-15 v3.1.10 (3.1.10)
))
Package: pgf 2023-01-15 v3.1.10 (3.1.10)

(d:/Programme/texlive/2023/texmf-dist/tex/latex/pgf/basiclayer/pgfcore.sty
(d:/Programme/texlive/2023/texmf-dist/tex/latex/pgf/systemlayer/pgfsys.sty
(d:/Programme/texlive/2023/texmf-dist/tex/generic/pgf/systemlayer/pgfsys.code.t
ex
Package: pgfsys 2023-01-15 v3.1.10 (3.1.10)

(d:/Programme/texlive/2023/texmf-dist/tex/generic/pgf/utilities/pgfkeys.code.te
x
\pgfkeys@pathtoks=\toks27
\pgfkeys@temptoks=\toks28

(d:/Programme/texlive/2023/texmf-dist/tex/generic/pgf/utilities/pgfkeyslibraryf
iltered.code.tex
\pgfkeys@tmptoks=\toks29
))
\pgf@x=\dimen177
\pgf@y=\dimen178
\pgf@xa=\dimen179
\pgf@ya=\dimen180
\pgf@xb=\dimen181
\pgf@yb=\dimen182
\pgf@xc=\dimen183
\pgf@yc=\dimen184
\pgf@xd=\dimen185
\pgf@yd=\dimen186
\w@pgf@writea=\write3
\r@pgf@reada=\read2
\c@pgf@counta=\count290
\c@pgf@countb=\count291
\c@pgf@countc=\count292
\c@pgf@countd=\count293
\t@pgf@toka=\toks30
\t@pgf@tokb=\toks31
\t@pgf@tokc=\toks32
\pgf@sys@id@count=\count294

(d:/Programme/texlive/2023/texmf-dist/tex/generic/pgf/systemlayer/pgf.cfg
File: pgf.cfg 2023-01-15 v3.1.10 (3.1.10)
)
Driver file for pgf: pgfsys-pdftex.def

(d:/Programme/texlive/2023/texmf-dist/tex/generic/pgf/systemlayer/pgfsys-pdftex
.def
File: pgfsys-pdftex.def 2023-01-15 v3.1.10 (3.1.10)

(d:/Programme/texlive/2023/texmf-dist/tex/generic/pgf/systemlayer/pgfsys-common
-pdf.def
File: pgfsys-common-pdf.def 2023-01-15 v3.1.10 (3.1.10)
)))
(d:/Programme/texlive/2023/texmf-dist/tex/generic/pgf/systemlayer/pgfsyssoftpat
h.code.tex
File: pgfsyssoftpath.code.tex 2023-01-15 v3.1.10 (3.1.10)
\pgfsyssoftpath@smallbuffer@items=\count295
\pgfsyssoftpath@bigbuffer@items=\count296
)
(d:/Programme/texlive/2023/texmf-dist/tex/generic/pgf/systemlayer/pgfsysprotoco
l.code.tex
File: pgfsysprotocol.code.tex 2023-01-15 v3.1.10 (3.1.10)
))
(d:/Programme/texlive/2023/texmf-dist/tex/generic/pgf/basiclayer/pgfcore.code.t
ex
Package: pgfcore 2023-01-15 v3.1.10 (3.1.10)
 (d:/Programme/texlive/2023/texmf-dist/tex/generic/pgf/math/pgfmath.code.tex
(d:/Programme/texlive/2023/texmf-dist/tex/generic/pgf/math/pgfmathutil.code.tex
)
(d:/Programme/texlive/2023/texmf-dist/tex/generic/pgf/math/pgfmathparser.code.t
ex
\pgfmath@dimen=\dimen187
\pgfmath@count=\count297
\pgfmath@box=\box64
\pgfmath@toks=\toks33
\pgfmath@stack@operand=\toks34
\pgfmath@stack@operation=\toks35
)
(d:/Programme/texlive/2023/texmf-dist/tex/generic/pgf/math/pgfmathfunctions.cod
e.tex)
(d:/Programme/texlive/2023/texmf-dist/tex/generic/pgf/math/pgfmathfunctions.bas
ic.code.tex)
(d:/Programme/texlive/2023/texmf-dist/tex/generic/pgf/math/pgfmathfunctions.tri
gonometric.code.tex)
(d:/Programme/texlive/2023/texmf-dist/tex/generic/pgf/math/pgfmathfunctions.ran
dom.code.tex)
(d:/Programme/texlive/2023/texmf-dist/tex/generic/pgf/math/pgfmathfunctions.com
parison.code.tex)
(d:/Programme/texlive/2023/texmf-dist/tex/generic/pgf/math/pgfmathfunctions.bas
e.code.tex)
(d:/Programme/texlive/2023/texmf-dist/tex/generic/pgf/math/pgfmathfunctions.rou
nd.code.tex)
(d:/Programme/texlive/2023/texmf-dist/tex/generic/pgf/math/pgfmathfunctions.mis
c.code.tex)
(d:/Programme/texlive/2023/texmf-dist/tex/generic/pgf/math/pgfmathfunctions.int
egerarithmetics.code.tex)
(d:/Programme/texlive/2023/texmf-dist/tex/generic/pgf/math/pgfmathcalc.code.tex
)
(d:/Programme/texlive/2023/texmf-dist/tex/generic/pgf/math/pgfmathfloat.code.te
x
\c@pgfmathroundto@lastzeros=\count298
)) (d:/Programme/texlive/2023/texmf-dist/tex/generic/pgf/math/pgfint.code.tex)
(d:/Programme/texlive/2023/texmf-dist/tex/generic/pgf/basiclayer/pgfcorepoints.
code.tex
File: pgfcorepoints.code.tex 2023-01-15 v3.1.10 (3.1.10)
\pgf@picminx=\dimen188
\pgf@picmaxx=\dimen189
\pgf@picminy=\dimen190
\pgf@picmaxy=\dimen191
\pgf@pathminx=\dimen192
\pgf@pathmaxx=\dimen193
\pgf@pathminy=\dimen194
\pgf@pathmaxy=\dimen195
\pgf@xx=\dimen196
\pgf@xy=\dimen197
\pgf@yx=\dimen198
\pgf@yy=\dimen199
\pgf@zx=\dimen256
\pgf@zy=\dimen257
)
(d:/Programme/texlive/2023/texmf-dist/tex/generic/pgf/basiclayer/pgfcorepathcon
struct.code.tex
File: pgfcorepathconstruct.code.tex 2023-01-15 v3.1.10 (3.1.10)
\pgf@path@lastx=\dimen258
\pgf@path@lasty=\dimen259
)
(d:/Programme/texlive/2023/texmf-dist/tex/generic/pgf/basiclayer/pgfcorepathusa
ge.code.tex
File: pgfcorepathusage.code.tex 2023-01-15 v3.1.10 (3.1.10)
\pgf@shorten@end@additional=\dimen260
\pgf@shorten@start@additional=\dimen261
)
(d:/Programme/texlive/2023/texmf-dist/tex/generic/pgf/basiclayer/pgfcorescopes.
code.tex
File: pgfcorescopes.code.tex 2023-01-15 v3.1.10 (3.1.10)
\pgfpic=\box65
\pgf@hbox=\box66
\pgf@layerbox@main=\box67
\pgf@picture@serial@count=\count299
)
(d:/Programme/texlive/2023/texmf-dist/tex/generic/pgf/basiclayer/pgfcoregraphic
state.code.tex
File: pgfcoregraphicstate.code.tex 2023-01-15 v3.1.10 (3.1.10)
\pgflinewidth=\dimen262
)
(d:/Programme/texlive/2023/texmf-dist/tex/generic/pgf/basiclayer/pgfcoretransfo
rmations.code.tex
File: pgfcoretransformations.code.tex 2023-01-15 v3.1.10 (3.1.10)
\pgf@pt@x=\dimen263
\pgf@pt@y=\dimen264
\pgf@pt@temp=\dimen265
)
(d:/Programme/texlive/2023/texmf-dist/tex/generic/pgf/basiclayer/pgfcorequick.c
ode.tex
File: pgfcorequick.code.tex 2023-01-15 v3.1.10 (3.1.10)
)
(d:/Programme/texlive/2023/texmf-dist/tex/generic/pgf/basiclayer/pgfcoreobjects
.code.tex
File: pgfcoreobjects.code.tex 2023-01-15 v3.1.10 (3.1.10)
)
(d:/Programme/texlive/2023/texmf-dist/tex/generic/pgf/basiclayer/pgfcorepathpro
cessing.code.tex
File: pgfcorepathprocessing.code.tex 2023-01-15 v3.1.10 (3.1.10)
)
(d:/Programme/texlive/2023/texmf-dist/tex/generic/pgf/basiclayer/pgfcorearrows.
code.tex
File: pgfcorearrows.code.tex 2023-01-15 v3.1.10 (3.1.10)
\pgfarrowsep=\dimen266
)
(d:/Programme/texlive/2023/texmf-dist/tex/generic/pgf/basiclayer/pgfcoreshade.c
ode.tex
File: pgfcoreshade.code.tex 2023-01-15 v3.1.10 (3.1.10)
\pgf@max=\dimen267
\pgf@sys@shading@range@num=\count300
\pgf@shadingcount=\count301
)
(d:/Programme/texlive/2023/texmf-dist/tex/generic/pgf/basiclayer/pgfcoreimage.c
ode.tex
File: pgfcoreimage.code.tex 2023-01-15 v3.1.10 (3.1.10)
)
(d:/Programme/texlive/2023/texmf-dist/tex/generic/pgf/basiclayer/pgfcoreexterna
l.code.tex
File: pgfcoreexternal.code.tex 2023-01-15 v3.1.10 (3.1.10)
\pgfexternal@startupbox=\box68
)
(d:/Programme/texlive/2023/texmf-dist/tex/generic/pgf/basiclayer/pgfcorelayers.
code.tex
File: pgfcorelayers.code.tex 2023-01-15 v3.1.10 (3.1.10)
)
(d:/Programme/texlive/2023/texmf-dist/tex/generic/pgf/basiclayer/pgfcoretranspa
rency.code.tex
File: pgfcoretransparency.code.tex 2023-01-15 v3.1.10 (3.1.10)
)
(d:/Programme/texlive/2023/texmf-dist/tex/generic/pgf/basiclayer/pgfcorepattern
s.code.tex
File: pgfcorepatterns.code.tex 2023-01-15 v3.1.10 (3.1.10)
)
(d:/Programme/texlive/2023/texmf-dist/tex/generic/pgf/basiclayer/pgfcorerdf.cod
e.tex
File: pgfcorerdf.code.tex 2023-01-15 v3.1.10 (3.1.10)
)))
(d:/Programme/texlive/2023/texmf-dist/tex/generic/pgf/modules/pgfmoduleshapes.c
ode.tex
File: pgfmoduleshapes.code.tex 2023-01-15 v3.1.10 (3.1.10)
\pgfnodeparttextbox=\box69
)
(d:/Programme/texlive/2023/texmf-dist/tex/generic/pgf/modules/pgfmoduleplot.cod
e.tex
File: pgfmoduleplot.code.tex 2023-01-15 v3.1.10 (3.1.10)
)
(d:/Programme/texlive/2023/texmf-dist/tex/latex/pgf/compatibility/pgfcomp-versi
on-0-65.sty
Package: pgfcomp-version-0-65 2023-01-15 v3.1.10 (3.1.10)
\pgf@nodesepstart=\dimen268
\pgf@nodesepend=\dimen269
)
(d:/Programme/texlive/2023/texmf-dist/tex/latex/pgf/compatibility/pgfcomp-versi
on-1-18.sty
Package: pgfcomp-version-1-18 2023-01-15 v3.1.10 (3.1.10)
))
(d:/Programme/texlive/2023/texmf-dist/tex/latex/pgf/utilities/pgffor.sty
(d:/Programme/texlive/2023/texmf-dist/tex/latex/pgf/utilities/pgfkeys.sty
(d:/Programme/texlive/2023/texmf-dist/tex/generic/pgf/utilities/pgfkeys.code.te
x)) (d:/Programme/texlive/2023/texmf-dist/tex/latex/pgf/math/pgfmath.sty
(d:/Programme/texlive/2023/texmf-dist/tex/generic/pgf/math/pgfmath.code.tex))
(d:/Programme/texlive/2023/texmf-dist/tex/generic/pgf/utilities/pgffor.code.tex
Package: pgffor 2023-01-15 v3.1.10 (3.1.10)
\pgffor@iter=\dimen270
\pgffor@skip=\dimen271
\pgffor@stack=\toks36
\pgffor@toks=\toks37
))
(d:/Programme/texlive/2023/texmf-dist/tex/generic/pgf/frontendlayer/tikz/tikz.c
ode.tex
Package: tikz 2023-01-15 v3.1.10 (3.1.10)

(d:/Programme/texlive/2023/texmf-dist/tex/generic/pgf/libraries/pgflibraryploth
andlers.code.tex
File: pgflibraryplothandlers.code.tex 2023-01-15 v3.1.10 (3.1.10)
\pgf@plot@mark@count=\count302
\pgfplotmarksize=\dimen272
)
\tikz@lastx=\dimen273
\tikz@lasty=\dimen274
\tikz@lastxsaved=\dimen275
\tikz@lastysaved=\dimen276
\tikz@lastmovetox=\dimen277
\tikz@lastmovetoy=\dimen278
\tikzleveldistance=\dimen279
\tikzsiblingdistance=\dimen280
\tikz@figbox=\box70
\tikz@figbox@bg=\box71
\tikz@tempbox=\box72
\tikz@tempbox@bg=\box73
\tikztreelevel=\count303
\tikznumberofchildren=\count304
\tikznumberofcurrentchild=\count305
\tikz@fig@count=\count306

(d:/Programme/texlive/2023/texmf-dist/tex/generic/pgf/modules/pgfmodulematrix.c
ode.tex
File: pgfmodulematrix.code.tex 2023-01-15 v3.1.10 (3.1.10)
\pgfmatrixcurrentrow=\count307
\pgfmatrixcurrentcolumn=\count308
\pgf@matrix@numberofcolumns=\count309
)
\tikz@expandcount=\count310

(d:/Programme/texlive/2023/texmf-dist/tex/generic/pgf/frontendlayer/tikz/librar
ies/tikzlibrarytopaths.code.tex
File: tikzlibrarytopaths.code.tex 2023-01-15 v3.1.10 (3.1.10)
)))
(d:/Programme/texlive/2023/texmf-dist/tex/generic/pgf/libraries/pgflibraryarrow
s.meta.code.tex
File: pgflibraryarrows.meta.code.tex 2023-01-15 v3.1.10 (3.1.10)
\pgfarrowinset=\dimen281
\pgfarrowlength=\dimen282
\pgfarrowwidth=\dimen283
\pgfarrowlinewidth=\dimen284
)
(d:/Programme/texlive/2023/texmf-dist/tex/generic/pgf/frontendlayer/tikz/librar
ies/tikzlibrarypositioning.code.tex
File: tikzlibrarypositioning.code.tex 2023-01-15 v3.1.10 (3.1.10)
)
(d:/Programme/texlive/2023/texmf-dist/tex/generic/pgf/frontendlayer/tikz/librar
ies/tikzlibrarycalc.code.tex
File: tikzlibrarycalc.code.tex 2023-01-15 v3.1.10 (3.1.10)
)
(d:/Programme/texlive/2023/texmf-dist/tex/latex/hyperref/hyperref.sty
Package: hyperref 2023-02-07 v7.00v Hypertext links for LaTeX

(d:/Programme/texlive/2023/texmf-dist/tex/generic/ltxcmds/ltxcmds.sty
Package: ltxcmds 2020-05-10 v1.25 LaTeX kernel commands for general use (HO)
)
(d:/Programme/texlive/2023/texmf-dist/tex/generic/iftex/iftex.sty
Package: iftex 2022/02/03 v1.0f TeX engine tests
)
(d:/Programme/texlive/2023/texmf-dist/tex/generic/pdftexcmds/pdftexcmds.sty
Package: pdftexcmds 2020-06-27 v0.33 Utility functions of pdfTeX for LuaTeX (HO
)

(d:/Programme/texlive/2023/texmf-dist/tex/generic/infwarerr/infwarerr.sty
Package: infwarerr 2019/12/03 v1.5 Providing info/warning/error messages (HO)
)
Package pdftexcmds Info: \pdf@primitive is available.
Package pdftexcmds Info: \pdf@ifprimitive is available.
Package pdftexcmds Info: \pdfdraftmode found.
)
(d:/Programme/texlive/2023/texmf-dist/tex/latex/kvsetkeys/kvsetkeys.sty
Package: kvsetkeys 2022-10-05 v1.19 Key value parser (HO)
)
(d:/Programme/texlive/2023/texmf-dist/tex/generic/kvdefinekeys/kvdefinekeys.sty
Package: kvdefinekeys 2019-12-19 v1.6 Define keys (HO)
) (d:/Programme/texlive/2023/texmf-dist/tex/generic/pdfescape/pdfescape.sty
Package: pdfescape 2019/12/09 v1.15 Implements pdfTeX's escape features (HO)
)
(d:/Programme/texlive/2023/texmf-dist/tex/latex/hycolor/hycolor.sty
Package: hycolor 2020-01-27 v1.10 Color options for hyperref/bookmark (HO)
)
(d:/Programme/texlive/2023/texmf-dist/tex/latex/letltxmacro/letltxmacro.sty
Package: letltxmacro 2019/12/03 v1.6 Let assignment for LaTeX macros (HO)
)
(d:/Programme/texlive/2023/texmf-dist/tex/latex/auxhook/auxhook.sty
Package: auxhook 2019-12-17 v1.6 Hooks for auxiliary files (HO)
)
(d:/Programme/texlive/2023/texmf-dist/tex/latex/hyperref/nameref.sty
Package: nameref 2022-05-17 v2.50 Cross-referencing by name of section

(d:/Programme/texlive/2023/texmf-dist/tex/latex/refcount/refcount.sty
Package: refcount 2019/12/15 v3.6 Data extraction from label references (HO)
)
(d:/Programme/texlive/2023/texmf-dist/tex/generic/gettitlestring/gettitlestring
.sty
Package: gettitlestring 2019/12/15 v1.6 Cleanup title references (HO)
 (d:/Programme/texlive/2023/texmf-dist/tex/latex/kvoptions/kvoptions.sty
Package: kvoptions 2022-06-15 v3.15 Key value format for package options (HO)
))
\c@section@level=\count311
)
\@linkdim=\dimen285
\Hy@linkcounter=\count312
\Hy@pagecounter=\count313
(d:/Programme/texlive/2023/texmf-dist/tex/latex/hyperref/pd1enc.def
File: pd1enc.def 2023-02-07 v7.00v Hyperref: PDFDocEncoding definition (HO)
Now handling font encoding PD1 ...
... no UTF-8 mapping file for font encoding PD1
)
(d:/Programme/texlive/2023/texmf-dist/tex/generic/intcalc/intcalc.sty
Package: intcalc 2019/12/15 v1.3 Expandable calculations with integers (HO)
)
(d:/Programme/texlive/2023/texmf-dist/tex/generic/etexcmds/etexcmds.sty
Package: etexcmds 2019/12/15 v1.7 Avoid name clashes with e-TeX commands (HO)
)
\Hy@SavedSpaceFactor=\count314

(d:/Programme/texlive/2023/texmf-dist/tex/latex/hyperref/puenc.def
File: puenc.def 2023-02-07 v7.00v Hyperref: PDF Unicode definition (HO)
Now handling font encoding PU ...
... no UTF-8 mapping file for font encoding PU
)
Package hyperref Info: Hyper figures OFF on input line 4177.
Package hyperref Info: Link nesting OFF on input line 4182.
Package hyperref Info: Hyper index ON on input line 4185.
Package hyperref Info: Plain pages OFF on input line 4192.
Package hyperref Info: Backreferencing OFF on input line 4197.
Package hyperref Info: Implicit mode ON; LaTeX internals redefined.
Package hyperref Info: Bookmarks ON on input line 4425.
\c@Hy@tempcnt=\count315

(d:/Programme/texlive/2023/texmf-dist/tex/latex/url/url.sty
\Urlmuskip=\muskip17
Package: url 2013/09/16  ver 3.4  Verb mode for urls, etc.
)
LaTeX Info: Redefining \url on input line 4763.
\XeTeXLinkMargin=\dimen286

(d:/Programme/texlive/2023/texmf-dist/tex/generic/bitset/bitset.sty
Package: bitset 2019/12/09 v1.3 Handle bit-vector datatype (HO)

(d:/Programme/texlive/2023/texmf-dist/tex/generic/bigintcalc/bigintcalc.sty
Package: bigintcalc 2019/12/15 v1.5 Expandable calculations on big integers (HO
)
))
\Fld@menulength=\count316
\Field@Width=\dimen287
\Fld@charsize=\dimen288
Package hyperref Info: Hyper figures OFF on input line 6042.
Package hyperref Info: Link nesting OFF on input line 6047.
Package hyperref Info: Hyper index ON on input line 6050.
Package hyperref Info: backreferencing OFF on input line 6057.
Package hyperref Info: Link coloring OFF on input line 6062.
Package hyperref Info: Link coloring with OCG OFF on input line 6067.
Package hyperref Info: PDF/A mode OFF on input line 6072.

(d:/Programme/texlive/2023/texmf-dist/tex/latex/base/atbegshi-ltx.sty
Package: atbegshi-ltx 2021/01/10 v1.0c Emulation of the original atbegshi
package with kernel methods
)
\Hy@abspage=\count317
\c@Item=\count318
\c@Hfootnote=\count319
)
Package hyperref Info: Driver (autodetected): hpdftex.

(d:/Programme/texlive/2023/texmf-dist/tex/latex/hyperref/hpdftex.def
File: hpdftex.def 2023-02-07 v7.00v Hyperref driver for pdfTeX

(d:/Programme/texlive/2023/texmf-dist/tex/latex/base/atveryend-ltx.sty
Package: atveryend-ltx 2020/08/19 v1.0a Emulation of the original atveryend pac
kage
with kernel methods
)
\Fld@listcount=\count320
\c@bookmark@seq@number=\count321

(d:/Programme/texlive/2023/texmf-dist/tex/latex/rerunfilecheck/rerunfilecheck.s
ty
Package: rerunfilecheck 2022-07-10 v1.10 Rerun checks for auxiliary files (HO)

(d:/Programme/texlive/2023/texmf-dist/tex/generic/uniquecounter/uniquecounter.s
ty
Package: uniquecounter 2019/12/15 v1.4 Provide unlimited unique counter (HO)
)
Package uniquecounter Info: New unique counter `rerunfilecheck' on input line 2
85.
)
\Hy@SectionHShift=\skip73
)
LaTeX Font Info:    Trying to load font information for OT1+ptm on input line 4
8.
 (d:/Programme/texlive/2023/texmf-dist/tex/latex/psnfss/ot1ptm.fd
File: ot1ptm.fd 2001/06/04 font definitions for OT1/ptm.
)
(d:/Programme/texlive/2023/texmf-dist/tex/latex/l3backend/l3backend-pdftex.def
File: l3backend-pdftex.def 2023-01-16 L3 backend support: PDF output (pdfTeX)
\l__color_backend_stack_int=\count322
\l__pdf_internal_box=\box74
) (./tsfm_fais_iclr2027.aux)
\openout1 = `tsfm_fais_iclr2027.aux'.

LaTeX Font Info:    Checking defaults for OML/cmm/m/it on input line 48.
LaTeX Font Info:    ... okay on input line 48.
LaTeX Font Info:    Checking defaults for OMS/cmsy/m/n on input line 48.
LaTeX Font Info:    ... okay on input line 48.
LaTeX Font Info:    Checking defaults for OT1/cmr/m/n on input line 48.
LaTeX Font Info:    ... okay on input line 48.
LaTeX Font Info:    Checking defaults for T1/cmr/m/n on input line 48.
LaTeX Font Info:    ... okay on input line 48.
LaTeX Font Info:    Checking defaults for TS1/cmr/m/n on input line 48.
LaTeX Font Info:    ... okay on input line 48.
LaTeX Font Info:    Checking defaults for OMX/cmex/m/n on input line 48.
LaTeX Font Info:    ... okay on input line 48.
LaTeX Font Info:    Checking defaults for U/cmr/m/n on input line 48.
LaTeX Font Info:    ... okay on input line 48.
LaTeX Font Info:    Checking defaults for PD1/pdf/m/n on input line 48.
LaTeX Font Info:    ... okay on input line 48.
LaTeX Font Info:    Checking defaults for PU/pdf/m/n on input line 48.
LaTeX Font Info:    ... okay on input line 48.

(d:/Programme/texlive/2023/texmf-dist/tex/context/base/mkii/supp-pdf.mkii
[Loading MPS to PDF converter (version 2006.09.02).]
\scratchcounter=\count323
\scratchdimen=\dimen289
\scratchbox=\box75
\nofMPsegments=\count324
\nofMParguments=\count325
\everyMPshowfont=\toks38
\MPscratchCnt=\count326
\MPscratchDim=\dimen290
\MPnumerator=\count327
\makeMPintoPDFobject=\count328
\everyMPtoPDFconversion=\toks39
)
(d:/Programme/texlive/2023/texmf-dist/tex/latex/epstopdf-pkg/epstopdf-base.sty
Package: epstopdf-base 2020-01-24 v2.11 Base part for package epstopdf
Package epstopdf-base Info: Redefining graphics rule for `.eps' on input line 4
85.

(d:/Programme/texlive/2023/texmf-dist/tex/latex/latexconfig/epstopdf-sys.cfg
File: epstopdf-sys.cfg 2010/07/13 v1.3 Configuration of (r)epstopdf for TeX Liv
e
))
LaTeX Info: Redefining \microtypecontext on input line 48.
Package microtype Info: Applying patch `item' on input line 48.
Package microtype Info: Applying patch `toc' on input line 48.
Package microtype Info: Applying patch `eqnum' on input line 48.
Package microtype Info: Applying patch `footnote' on input line 48.
Package microtype Info: Applying patch `verbatim' on input line 48.
Package microtype Info: Generating PDF output.
Package microtype Info: Character protrusion enabled (level 2).
Package microtype Info: Using default protrusion set `alltext'.
Package microtype Info: Automatic font expansion enabled (level 2),
(microtype)             stretch: 20, shrink: 20, step: 1, non-selected.
Package microtype Info: Using default expansion set `alltext-nott'.
LaTeX Info: Redefining \showhyphens on input line 48.
Package microtype Info: No adjustment of tracking.
Package microtype Info: No adjustment of interword spacing.
Package microtype Info: No adjustment of character kerning.

(d:/Programme/texlive/2023/texmf-dist/tex/latex/microtype/mt-ptm.cfg
File: mt-ptm.cfg 2006/04/20 v1.7 microtype config. file: Times (RS)
)
Package hyperref Info: Link coloring OFF on input line 48.

(./tsfm_fais_iclr2027.out) (./tsfm_fais_iclr2027.out)
\@outlinefile=\write4
\openout4 = `tsfm_fais_iclr2027.out'.


(d:/Programme/texlive/2023/texmf-dist/tex/latex/microtype/mt-cmr.cfg
File: mt-cmr.cfg 2013/05/19 v2.2 microtype config. file: Computer Modern Roman 
(RS)
)
LaTeX Font Info:    Trying to load font information for U+msa on input line 50.


(d:/Programme/texlive/2023/texmf-dist/tex/latex/amsfonts/umsa.fd
File: umsa.fd 2013/01/14 v3.01 AMS symbols A
)
(d:/Programme/texlive/2023/texmf-dist/tex/latex/microtype/mt-msa.cfg
File: mt-msa.cfg 2006/02/04 v1.1 microtype config. file: AMS symbols (a) (RS)
)
LaTeX Font Info:    Trying to load font information for U+msb on input line 50.


(d:/Programme/texlive/2023/texmf-dist/tex/latex/amsfonts/umsb.fd
File: umsb.fd 2013/01/14 v3.01 AMS symbols B
)
(d:/Programme/texlive/2023/texmf-dist/tex/latex/microtype/mt-msb.cfg
File: mt-msb.cfg 2005/06/01 v1.0 microtype config. file: AMS symbols (b) (RS)
) [1{d:/Programme/texlive/2023/texmf-var/fonts/map/pdftex/updmap/pdftex.map}{d:
/Programme/texlive/2023/texmf-dist/fonts/enc/dvips/base/8r.enc}

]
Underfull \vbox (badness 10000) has occurred while \output is active []

 [2]
(./figures/fig1_overview.tex) [3] [4]
LaTeX Font Info:    Trying to load font information for OT1+pcr on input line 1
42.

(d:/Programme/texlive/2023/texmf-dist/tex/latex/psnfss/ot1pcr.fd
File: ot1pcr.fd 2001/06/04 font definitions for OT1/pcr.
)
Package microtype Info: Loading generic protrusion settings for font family
(microtype)             `pcr' (encoding: OT1).
(microtype)             For optimal results, create family-specific settings.
(microtype)             See the microtype manual for details.
 [5] [6]
[7] (./tsfm_fais_iclr2027.bbl
Underfull \hbox (badness 10000) in paragraph at lines 45--50
[]\OT1/ptm/m/n/10 (+20) Christopher J. C. Burges.  From RankNet to Lamb-daRank 
to Lamb-daMART:
 []


Underfull \hbox (badness 10000) in paragraph at lines 45--50
\OT1/ptm/m/n/10 (+20) An overview.  Tech-ni-cal Re-port MSR-TR-2010-82, Mi-cros
oft Re-search, 2010.
 []


Underfull \hbox (badness 10000) in paragraph at lines 45--50
\OT1/ptm/m/n/10 (+20) URL []$\OT1/pcr/m/n/10 https : / / www . microsoft . com 
/ en-[]us / research / publication /
 []

[8]
Underfull \hbox (badness 10000) in paragraph at lines 94--101
\OT1/pcr/m/n/10 / / datasets-[]benchmarks-[]proceedings . neurips . cc / paper 
_ files / paper /
 []


Underfull \hbox (badness 1412) in paragraph at lines 110--118
\OT1/ptm/m/n/10 (+20) 2021.  URL []$\OT1/pcr/m/n/10 https : / / proceedings . n
eurips . cc / paper _ files / paper / 2021 /
 []


Underfull \hbox (badness 1762) in paragraph at lines 137--144
[]\OT1/ptm/m/n/10 (+20) Guolin Ke, Qi Meng, Thomas Fin-ley, Taifeng Wang, Wei C
hen, Wei-dong Ma, Qi-wei
 []


Underfull \hbox (badness 1389) in paragraph at lines 137--144
\OT1/ptm/m/n/10 (+20) Ye, and Tie-Yan Liu.  Light-GBM: A highly ef-fi-cient gra
-di-ent boost-ing de-ci-sion tree.
 []


Underfull \hbox (badness 1072) in paragraph at lines 137--144
\OT1/ptm/m/n/10 (+20) In \OT1/ptm/m/it/10 (+20) Ad-vances in Neu-ral In-for-ma-
tion Pro-cess-ing Sys-tems\OT1/ptm/m/n/10 (+20) , vol-ume 30. Cur-ran As-so-cia
tes,
 []

[9]
Underfull \hbox (badness 2617) in paragraph at lines 214--221
[]\OT1/ptm/m/n/10 (+20) Yusuke Tashiro, Ji-aming Song, Yang Song, and Ste-fano 
Er-mon.  CSDI: Con-di-tional
 []


Underfull \hbox (badness 2809) in paragraph at lines 214--221
\OT1/ptm/m/n/10 (+20) score-based dif-fu-sion mod-els for prob-a-bilis-tic time
 se-ries im-pu-ta-tion.  In \OT1/ptm/m/it/10 (+20) Ad-vances
 []


Underfull \hbox (badness 1033) in paragraph at lines 250--260
[]\OT1/ptm/m/n/10 (+20) Zhixian Wang, Linx-iao Yang, Liang Sun, Qing-song Wen, 
and Yi Wang.  Task-oriented
 []


Underfull \hbox (badness 2828) in paragraph at lines 250--260
\OT1/ptm/m/n/10 (+20) time se-ries im-pu-ta-tion eval-u-a-tion via gen-er-al-iz
ed rep-re-sen-ters.  In Amir Glober-son,
 []


Underfull \hbox (badness 2197) in paragraph at lines 250--260
\OT1/ptm/m/n/10 (+20) Lester Mackey, Danielle Bel-grave, An-gela Fan, Ul-rich P
a-quet, Jakub Tom-czak, and
 []


Underfull \hbox (badness 1484) in paragraph at lines 250--260
\OT1/ptm/m/n/10 (+20) Cheng Zhang (eds.), \OT1/ptm/m/it/10 (+20) Ad-vances in N
eu-ral In-for-ma-tion Pro-cess-ing Sys-tems\OT1/ptm/m/n/10 (+20) , vol-ume 37,
 []


Underfull \hbox (badness 10000) in paragraph at lines 250--260
[]$\OT1/pcr/m/n/10 https : / / proceedings . neurips . cc / paper _ files / pap
er / 2024 / hash /
 []

) (./tsfm_fais_appendix.tex [10]
Underfull \hbox (badness 10000) in paragraph at lines 54--55
[]|$\OT1/pcr/m/n/7 current _ velocity _ 5T$\OT1/ptm/m/n/7 (+20) , $\OT1/pcr/m/n
/7 current _ velocity _ 15T$\OT1/ptm/m/n/7 (+20) , $\OT1/pcr/m/n/7 current _ ve
locity _ 20T$\OT1/ptm/m/n/7 (+20) ,
 []


LaTeX Warning: `h' float specifier changed to `ht'.


LaTeX Warning: `h' float specifier changed to `ht'.

[11]
Underfull \hbox (badness 1072) in paragraph at lines 100--101
\OT1/ptm/m/n/10 (+20) The TimesFM adapter uses $\OT1/pcr/m/n/10 google / timesf
m-[]2 . 5-[]200m-[]pytorch$ \OT1/ptm/m/n/10 (+20) ([]Google Re-search[],
 []


Underfull \hbox (badness 3168) in paragraph at lines 100--101
[]\OT1/ptm/m/n/10 (+20) 2025[]) and pre-dicts each tar-get in-de-pen-dently. Ch
ronos-2 uses $\OT1/pcr/m/n/10 amazon / chronos-[]2$
 []


Underfull \hbox (badness 1371) in paragraph at lines 100--101
\OT1/ptm/m/n/10 (+20) ([]Ansari et al.[], []2025[]), re-ceives a joint mul-ti-v
ari-ate con-text, and sup-plies its me-dian pre-
 []


LaTeX Warning: `h' float specifier changed to `ht'.

[12] [13]

LaTeX Warning: `h' float specifier changed to `ht'.

[14]
Underfull \hbox (badness 10000) in paragraph at lines 307--308
[]|$\OT1/pcr/m/n/7 artifacts / iclr27-[]r2 / r2-[]final-[]analysis-[]integrity-
[]v007 / report .
 []


Underfull \hbox (badness 10000) in paragraph at lines 308--309
[]|$\OT1/pcr/m/n/7 artifacts / iclr27-[]r2 / r2-[]final-[]analysis-[]integrity-
[]v007 /
 []


Underfull \hbox (badness 10000) in paragraph at lines 309--310
[]|$\OT1/pcr/m/n/7 artifacts / iclr27-[]r2 / r2-[]final-[]analysis-[]integrity-
[]v007 /
 []


Underfull \hbox (badness 10000) in paragraph at lines 310--311
[]|$\OT1/pcr/m/n/7 artifacts / iclr27-[]r2 / r2-[]final-[]analysis-[]integrity-
[]v007 /
 []


Underfull \hbox (badness 10000) in paragraph at lines 311--312
[]|$\OT1/pcr/m/n/7 artifacts / iclr27-[]r2 / r2-[]final-[]analysis-[]integrity-
[]v007 /
 []


Underfull \hbox (badness 10000) in paragraph at lines 312--313
[]|$\OT1/pcr/m/n/7 artifacts / iclr27-[]r2 / r2-[]final-[]analysis-[]integrity-
[]v007 /
 []


Underfull \hbox (badness 10000) in paragraph at lines 313--314
[]|$\OT1/pcr/m/n/7 artifacts / iclr27-[]r2 / r2-[]final-[]analysis-[]integrity-
[]v007 / uci _
 []


Underfull \hbox (badness 10000) in paragraph at lines 314--315
[]|$\OT1/pcr/m/n/7 artifacts / iclr27-[]r2 / r2-[]final-[]analysis-[]integrity-
[]v007 /
 []


Underfull \hbox (badness 10000) in paragraph at lines 319--320
[]|$\OT1/pcr/m/n/7 artifacts / iclr27-[]r2 / r2-[]final-[]analysis-[]integrity-
[]v007 /
 []


Underfull \hbox (badness 10000) in paragraph at lines 320--321
[]|$\OT1/pcr/m/n/7 artifacts / iclr27-[]r2 / r2-[]final-[]analysis-[]integrity-
[]v007 /
 []


Underfull \hbox (badness 10000) in paragraph at lines 321--322
[]|$\OT1/pcr/m/n/7 artifacts / iclr27-[]r2 / r2-[]final-[]analysis-[]integrity-
[]v007 /
 []


LaTeX Warning: `h' float specifier changed to `ht'.

[15]) [16] (./tsfm_fais_iclr2027.aux)
Package rerunfilecheck Info: File `tsfm_fais_iclr2027.out' has not changed.
(rerunfilecheck)             Checksum: D7DFD2ADBBEB30BAA6A508B4A7E72FB5;7236.
 ) 
Here is how much of TeX's memory you used:
 25155 strings out of 476025
 456562 string characters out of 5789025
 1890382 words of memory out of 5000000
 44678 multiletter control sequences out of 15000+600000
 568118 words of font info for 340 fonts, out of 8000000 for 9000
 1141 hyphenation exceptions out of 8191
 84i,12n,80p,1873b,925s stack positions out of 10000i,1000n,20000p,200000b,200000s
<d:/Programme/texlive/2023/texmf-dist/fonts/type1/public/amsfonts/cm/cmbx10.p
fb><d:/Programme/texlive/2023/texmf-dist/fonts/type1/public/amsfonts/cm/cmbx8.p
fb><d:/Programme/texlive/2023/texmf-dist/fonts/type1/public/amsfonts/cm/cmex10.
pfb><d:/Programme/texlive/2023/texmf-dist/fonts/type1/public/amsfonts/cmextra/c
mex8.pfb><d:/Programme/texlive/2023/texmf-dist/fonts/type1/public/amsfonts/cm/c
mmi10.pfb><d:/Programme/texlive/2023/texmf-dist/fonts/type1/public/amsfonts/cm/
cmmi5.pfb><d:/Programme/texlive/2023/texmf-dist/fonts/type1/public/amsfonts/cm/
cmmi6.pfb><d:/Programme/texlive/2023/texmf-dist/fonts/type1/public/amsfonts/cm/
cmmi7.pfb><d:/Programme/texlive/2023/texmf-dist/fonts/type1/public/amsfonts/cm/
cmmi8.pfb><d:/Programme/texlive/2023/texmf-dist/fonts/type1/public/amsfonts/cm/
cmmi9.pfb><d:/Programme/texlive/2023/texmf-dist/fonts/type1/public/amsfonts/cm/
cmr10.pfb><d:/Programme/texlive/2023/texmf-dist/fonts/type1/public/amsfonts/cm/
cmr5.pfb><d:/Programme/texlive/2023/texmf-dist/fonts/type1/public/amsfonts/cm/c
mr6.pfb><d:/Programme/texlive/2023/texmf-dist/fonts/type1/public/amsfonts/cm/cm
r7.pfb><d:/Programme/texlive/2023/texmf-dist/fonts/type1/public/amsfonts/cm/cmr
8.pfb><d:/Programme/texlive/2023/texmf-dist/fonts/type1/public/amsfonts/cm/cmr9
.pfb><d:/Programme/texlive/2023/texmf-dist/fonts/type1/public/amsfonts/cm/cmsy1
0.pfb><d:/Programme/texlive/2023/texmf-dist/fonts/type1/public/amsfonts/cm/cmsy
5.pfb><d:/Programme/texlive/2023/texmf-dist/fonts/type1/public/amsfonts/cm/cmsy
7.pfb><d:/Programme/texlive/2023/texmf-dist/fonts/type1/public/amsfonts/cm/cmsy
8.pfb><d:/Programme/texlive/2023/texmf-dist/fonts/type1/public/amsfonts/cm/cmsy
9.pfb><d:/Programme/texlive/2023/texmf-dist/fonts/type1/public/amsfonts/symbols
/msbm10.pfb><d:/Programme/texlive/2023/texmf-dist/fonts/type1/urw/courier/ucrr8
a.pfb><d:/Programme/texlive/2023/texmf-dist/fonts/type1/urw/helvetic/uhvb8a.pfb
><d:/Programme/texlive/2023/texmf-dist/fonts/type1/urw/times/utmb8a.pfb><d:/Pro
gramme/texlive/2023/texmf-dist/fonts/type1/urw/times/utmr8a.pfb><d:/Programme/t
exlive/2023/texmf-dist/fonts/type1/urw/times/utmri8a.pfb>
Output written on tsfm_fais_iclr2027.pdf (16 pages, 369298 bytes).
PDF statistics:
 638 PDF objects out of 1000 (max. 8388607)
 560 compressed objects within 6 object streams
 118 named destinations out of 1000 (max. 500000)
 70965 words of extra memory for PDF output out of 74296 (max. 10000000)

